// Jest Snapshot v1, https://goo.gl/fbAQLP

exports[`Header with user logged in renders a header 1`] = `
<DocumentFragment>
  <header
    class="PodBrowser-header-banner"
  >
    <div
      class="PodBrowser-logoContainer"
    >
      <a
        data-testid="header-banner-logo"
        href="/"
      >
        <img
          alt="Inrupt PodBrowser"
          class="PodBrowser-header-banner__logo-image"
          height="40"
          src="/inrupt_logo-2020.svg"
        />
      </a>
    </div>
    <div
      class="PodBrowser-hamburgerMenu"
    >
      <button
        class="PodBrowser-root PodBrowser-root PodBrowser-text"
        data-testid="menu-drawer-button"
        tabindex="0"
        type="button"
      >
        <span
          class="PodBrowser-label"
        >
          <span
            aria-label="Menu"
            class="PodBrowser-icon-bars"
          />
        </span>
        <span
          class="PodBrowser-root"
        />
      </button>
    </div>
    <div
      class="PodBrowser-main-nav-container"
    >
      <nav
        class="PodBrowser-main-nav"
        data-testid="main-nav"
      >
        <ul
          class="PodBrowser-main-nav__list"
        >
          <li
            class="PodBrowser-main-nav__item"
          >
            <a
              class="PodBrowser-main-nav__link"
              data-testid="main-menu-files"
              href="/"
            >
              <span
                class="PodBrowser-icon-files PodBrowser-main-nav__icon"
              />
              <span
                class="PodBrowser-main-nav__label"
              >
                Files
              </span>
            </a>
          </li>
          <li
            class="PodBrowser-main-nav__item"
          >
            <a
              class="PodBrowser-main-nav__link"
              data-testid="main-menu-contacts"
              href="/contacts"
            >
              <span
                class="PodBrowser-icon-address-book PodBrowser-main-nav__icon"
              />
              <span
                class="PodBrowser-main-nav__label"
              >
                Contacts
              </span>
            </a>
          </li>
          <li
            class="PodBrowser-main-nav__item"
          >
            <a
              class="PodBrowser-main-nav__link"
              data-testid="main-menu-bookmarks"
              href="/bookmarks"
            >
              <span
                class="PodBrowser-icon-star PodBrowser-main-nav__icon"
              />
              <span
                class="PodBrowser-main-nav__label"
              >
                Bookmarks
              </span>
            </a>
          </li>
        </ul>
      </nav>
    </div>
    <div
      class="PodBrowser-loading-indicator-container PodBrowser-loading-indicator-container--center"
    >
      <svg
        class="PodBrowser-loading-indicator"
        data-testid="spinner"
        viewBox="22 22 44 44"
      >
        <circle
          cx="44"
          cy="44"
          fill="none"
          r="20.2"
          stroke-width="3.6"
        />
      </svg>
    </div>
  </header>
</DocumentFragment>
`;

exports[`Header with user logged out renders nothing 1`] = `
<DocumentFragment>
  <header
    class="PodBrowser-header-banner"
  >
    <div
      class="PodBrowser-logoContainer"
    >
      <a
        data-testid="header-banner-logo"
        href="/"
      >
        <img
          alt="Inrupt PodBrowser"
          class="PodBrowser-header-banner__logo-image"
          height="40"
          src="/inrupt_logo-2020.svg"
        />
      </a>
    </div>
  </header>
</DocumentFragment>
`;
