// Jest Snapshot v1, https://goo.gl/fbAQLP

exports[`ContainerPageHeader Renders view 1`] = `
<DocumentFragment>
  <div
    class="PodBrowser-page-header PodBrowser-files-container-header"
  >
    <h1
      class="PodBrowser-page-header__title"
    >
      Files
    </h1>
    <div
      class="PodBrowser-page-header__toolbar"
    >
      <div
        class="PodBrowser-indicator"
        data-testid="pod-indicator"
      >
        <button
          class="PodBrowser-indicatorPrompt"
          data-testid="pod-indicator-prompt"
          id="pod-indicator-prompt"
          title="https://mypod.myhost.com"
          type="button"
        >
          <span
            class="PodBrowser-indicatorLabel"
          >
            <span
              class="PodBrowser-indicatorLabelYour"
            >
              Current 
            </span>
            Location
            <span
              class="PodBrowser-icon-caret-down PodBrowser-indicatorChevron"
            />
          </span>
          <span
            class="PodBrowser-indicatorName"
          >
            https://mypod.myhost.com
          </span>
        </button>
      </div>
    </div>
  </div>
</DocumentFragment>
`;
