// Jest Snapshot v1, https://goo.gl/fbAQLP

exports[`PodRootLoadError renders 1`] = `
<DocumentFragment>
  <div
    data-testid="no-pod-found-error"
  >
    <div
      class="PodBrowser-page-header"
    >
      <h1
        class="PodBrowser-page-header__title"
      >
        Pod URL Not Found
      </h1>
    </div>
    <div
      class="PodBrowser-container"
    >
      <p>
        PodBrowser could not found a URL fo a Pod linked to your profile.
      </p>
    </div>
  </div>
</DocumentFragment>
`;
