// Jest Snapshot v1, https://goo.gl/fbAQLP

exports[`UserMenu renders a menu 1`] = `
<DocumentFragment>
  <div
    class="PodBrowser-userMenu"
    data-testid="user-menu"
  >
    <div
      class="PodBrowser-user-menu"
    >
      <button
        aria-controls="UserMenu"
        aria-expanded="false"
        aria-haspopup="true"
        class="PodBrowser-user-menu__trigger PodBrowser-userMenu__trigger"
        data-testid="user-menu-button"
        type="button"
      >
        <span
          class="PodBrowser-icon-user-circle PodBrowser-user-menu__trigger-icon"
        />
        <span
          class="PodBrowser-user-menu__trigger-label"
        >
          Account
        </span>
        <span
          class="PodBrowser-icon-caret-down PodBrowser-user-menu__trigger-chevron PodBrowser-user-menu__trigger-chevron--show"
        />
        <span
          class="PodBrowser-icon-caret-up PodBrowser-user-menu__trigger-chevron"
        />
      </button>
      <div
        aria-hidden="true"
        class="PodBrowser-user-menu__popup"
        id="UserMenu"
      >
        <ul
          class="PodBrowser-user-menu__list"
        >
          <li
            class="PodBrowser-user-menu__list-item"
          >
            <a
              class="PodBrowser-user-menu__list-item-trigger"
              data-testid="user-menu-profile"
            >
              <span
                class="PodBrowser-icon-user PodBrowser-user-menu__list-item-icon"
              />
              <span
                class="PodBrowser-user-menu__list-item-label"
              >
                Profile
              </span>
            </a>
          </li>
          <li
            class="PodBrowser-user-menu__list-item"
          >
            <button
              class="PodBrowser-user-menu__list-item-trigger"
              data-testid="user-menu-logout"
              type="button"
            >
              <span
                class="PodBrowser-icon-log-out PodBrowser-user-menu__list-item-icon"
              />
              <span
                class="PodBrowser-user-menu__list-item-label"
              >
                Log out
              </span>
            </button>
          </li>
        </ul>
      </div>
    </div>
  </div>
</DocumentFragment>
`;

exports[`UserMenu renders fallback for name and user photo if not available 1`] = `
<DocumentFragment>
  <div
    class="PodBrowser-userMenu"
    data-testid="user-menu"
  >
    <div
      class="PodBrowser-user-menu"
    >
      <button
        aria-controls="UserMenu"
        aria-expanded="false"
        aria-haspopup="true"
        class="PodBrowser-user-menu__trigger PodBrowser-userMenu__trigger"
        data-testid="user-menu-button"
        type="button"
      >
        <span
          class="PodBrowser-icon-user-circle PodBrowser-user-menu__trigger-icon"
        />
        <span
          class="PodBrowser-user-menu__trigger-label"
        >
          Account
        </span>
        <span
          class="PodBrowser-icon-caret-down PodBrowser-user-menu__trigger-chevron PodBrowser-user-menu__trigger-chevron--show"
        />
        <span
          class="PodBrowser-icon-caret-up PodBrowser-user-menu__trigger-chevron"
        />
      </button>
      <div
        aria-hidden="true"
        class="PodBrowser-user-menu__popup"
        id="UserMenu"
      >
        <ul
          class="PodBrowser-user-menu__list"
        >
          <li
            class="PodBrowser-user-menu__list-item"
          >
            <a
              class="PodBrowser-user-menu__list-item-trigger"
              data-testid="user-menu-profile"
            >
              <span
                class="PodBrowser-icon-user PodBrowser-user-menu__list-item-icon"
              />
              <span
                class="PodBrowser-user-menu__list-item-label"
              >
                Profile
              </span>
            </a>
          </li>
          <li
            class="PodBrowser-user-menu__list-item"
          >
            <button
              class="PodBrowser-user-menu__list-item-trigger"
              data-testid="user-menu-logout"
              type="button"
            >
              <span
                class="PodBrowser-icon-log-out PodBrowser-user-menu__list-item-icon"
              />
              <span
                class="PodBrowser-user-menu__list-item-label"
              >
                Log out
              </span>
            </button>
          </li>
        </ul>
      </div>
    </div>
  </div>
</DocumentFragment>
`;
