// Jest Snapshot v1, https://goo.gl/fbAQLP

exports[`ContainerTableRow it renders a table row 1`] = `
<WithStyles(ForwardRef(TableRow))
  className="makeStyles-tableRow-1"
  onClick={[Function]}
>
  <WithStyles(ForwardRef(TableCell))>
    <Link
      href="/resource/function%20()%20%7B%0A%20%20%20%20%20%20%20%20return%20fn.apply(this%2C%20arguments)%3B%0A%20%20%20%20%20%20%7D"
    >
      <a>
        <Component />
      </a>
    </Link>
  </WithStyles(ForwardRef(TableCell))>
  <WithStyles(ForwardRef(TableCell))
    key="function () {
        return fn.apply(this, arguments);
      }-type"
  >
    Resource
  </WithStyles(ForwardRef(TableCell))>
</WithStyles(ForwardRef(TableRow))>
`;
