// Jest Snapshot v1, https://goo.gl/fbAQLP

exports[`getIdentityProviders returns an array of providers 1`] = `
Array [
  Object {
    "iri": "https://solidcommunity.net/",
    "label": "Solidcommunity.net",
    "logo": "solid-logo.svg",
  },
  Object {
    "iri": "https://solidweb.org/",
    "label": "Solidweb.org",
    "logo": "solid-logo.svg",
  },
  Object {
    "iri": "https://inrupt.net/",
    "label": "inrupt.net",
    "logo": "inrupt_logo-2020.svg",
  },
]
`;
