// Jest Snapshot v1, https://goo.gl/fbAQLP

exports[`GroupDetailsName renders a form 1`] = `
<DocumentFragment>
  <form
    class="PodBrowser-form PodBrowser-group-details-name"
    data-testid="group-details-name"
  >
    <div
      class="PodBrowser-input-group"
    >
      <label
        class="PodBrowser-label"
        for="GroupName"
      >
        Group Name
      </label>
      <div
        class="PodBrowser-input-group__inner PodBrowser-input-group__inner--with-button"
      >
        <input
          class="PodBrowser-input"
          data-testid="group-details-name-field"
          id="GroupName"
          required=""
          type="text"
          value="Group 1"
        />
        <button
          class="PodBrowser-button PodBrowser-button--with-input"
          data-testid="group-details-name-button"
          type="submit"
        >
          <span
            class="PodBrowser-button__text"
          >
            Save
          </span>
        </button>
      </div>
    </div>
  </form>
</DocumentFragment>
`;
