// Jest Snapshot v1, https://goo.gl/fbAQLP

exports[`MainNav renders Group for people with the feature flag turned on 1`] = `
<DocumentFragment>
  <div
    class="PodBrowser-main-nav-container"
  >
    <nav
      class="PodBrowser-main-nav"
      data-testid="main-nav"
    >
      <ul
        class="PodBrowser-main-nav__list"
      />
    </nav>
  </div>
</DocumentFragment>
`;

exports[`MainNav renders navigation 1`] = `
<DocumentFragment>
  <div
    class="PodBrowser-main-nav-container"
  >
    <nav
      class="PodBrowser-main-nav"
      data-testid="main-nav"
    >
      <ul
        class="PodBrowser-main-nav__list"
      />
    </nav>
  </div>
</DocumentFragment>
`;
