// Jest Snapshot v1, https://goo.gl/fbAQLP

exports[`MainNav renders navigation 1`] = `
<DocumentFragment>
  <div
    class="PodBrowser-main-nav-container"
  >
    <nav
      class="PodBrowser-header-banner__main-nav"
    >
      <ul
        class="PodBrowser-main-nav__list"
      >
        <li
          class="PodBrowser-main-nav__item"
          data-testid="main-nav-item"
        >
          <a
            class="PodBrowser-header-banner__aside-menu-trigger"
            href="/"
            type="button"
          >
            <i
              class="PodBrowser-icon-files PodBrowser-header-banner__aside-menu-trigger-icon"
            />
            Files
          </a>
        </li>
        <li
          class="PodBrowser-main-nav__item"
          data-testid="main-nav-item"
        >
          <a
            class="PodBrowser-header-banner__aside-menu-trigger"
            href="/contacts"
            type="button"
          >
            <i
              class="PodBrowser-icon-users PodBrowser-header-banner__aside-menu-trigger-icon"
            />
            Contacts
          </a>
        </li>
        <li
          class="PodBrowser-main-nav__item"
          data-testid="main-nav-item"
        >
          <a
            class="PodBrowser-header-banner__aside-menu-trigger"
            href="/bookmarks"
            type="button"
          >
            <i
              class="PodBrowser-icon-star PodBrowser-header-banner__aside-menu-trigger-icon"
            />
            Bookmarks
          </a>
        </li>
      </ul>
    </nav>
  </div>
</DocumentFragment>
`;
