// Jest Snapshot v1, https://goo.gl/fbAQLP

exports[`GroupsPage renders 1`] = `
<DocumentFragment>
  <div
    class="PodBrowser-page-header"
  >
    <h1
      class="PodBrowser-page-header__title"
    >
      Groups
    </h1>
  </div>
  <div
    class="PodBrowser-container PodBrowser-groups-container"
  >
    <div
      class="PodBrowser-groups-container__content PodBrowser-groups-container__content--list PodBrowser-groups-container__content--focus"
    >
      <div
        data-testid="group-list"
      >
        <div
          class="PodBrowser-group-list-header"
        >
          <div
            class="PodBrowser-group-list-header__title"
          >
            Groups
          </div>
          <button
            class="PodBrowser-button PodBrowser-button--small"
            data-testid="create-group-button"
          >
            <span
              class="PodBrowser-icon-add PodBrowser-button__icon PodBrowser-button__icon--before"
            />
            <span
              class="PodBrowser-button__text"
            >
              New Group
            </span>
          </button>
        </div>
        <div
          class="PodBrowser-group-list-empty"
          data-testid="group-list-empty"
        >
          No groups
        </div>
      </div>
    </div>
    <div
      class="PodBrowser-groups-container__content PodBrowser-groups-container__content--main"
    >
      <div
        class="PodBrowser-group-view"
        data-testid="group-view"
      >
        <div
          class="PodBrowser-group-view-empty"
          data-testid="group-view-empty"
        >
          <span
            class="PodBrowser-icon-users PodBrowser-icon-large"
          />
          <h2>
            You don't have any groups yet!
          </h2>
          <p>
            Create a new group to easily share files with.
          </p>
          <button
            class="PodBrowser-button"
            data-testid="create-group-button"
          >
            <span
              class="PodBrowser-button__text"
            >
              Create New Group
            </span>
          </button>
        </div>
      </div>
    </div>
  </div>
</DocumentFragment>
`;
