// Jest Snapshot v1, https://goo.gl/fbAQLP

exports[`ContainerTableRowSkeleton Renders a ContainerTableRowSkeleton 1`] = `
<DocumentFragment>
  <table>
    <tbody>
      <tr
        class="MuiTableRow-root"
      >
        <td
          class="MuiTableCell-root"
          rowspan="3"
        >
          <a
            href="/resource/https%3A%2F%2Fexample.com%2Fresource"
          >
            /resource
          </a>
        </td>
      </tr>
    </tbody>
  </table>
</DocumentFragment>
`;
