// Jest Snapshot v1, https://goo.gl/fbAQLP

exports[`AddFolderFlyout Renders an Add Folder button 1`] = `
<DocumentFragment>
  <button
    class="makeStyles-button-1550 makeStyles-button--small-1557"
    data-testid="add-folder-button"
  >
    <span
      class="makeStyles-button__text-1554"
    >
      Create Folder
    </span>
  </button>
</DocumentFragment>
`;
