// Jest Snapshot v1, https://goo.gl/fbAQLP

exports[`Agent show page Renders the Agent show page 1`] = `
<DocumentFragment>
  <div
    class="PodBrowser-container PodBrowser-request-container"
  >
    <form
      class="PodBrowser-request-container__content"
    >
      <h2
        class="PodBrowser-root PodBrowser-h2 PodBrowser-alignCenter"
      >
        Allow [agent name] access?
      </h2>
      <p>
        test-request
      </p>
      <fieldset
        class="PodBrowser-root PodBrowser-request-container__section"
      >
        <legend
          class="PodBrowser-request-container__header-text PodBrowser-request-container__header-text--small"
        >
          <span>
            <span
              class="PodBrowser-icon-edit PodBrowser-icon-small"
            />
            [agent name] wants to create, edit or delete
          </span>
          <button
            class="PodBrowser-button PodBrowser-button--secondary PodBrowser-request-container__button--small"
          >
            <span
              class="PodBrowser-button__text"
            >
              <span
                class="PodBrowser-root PodBrowser-body2"
              >
                Select all
              </span>
            </span>
          </button>
        </legend>
        <div
          aria-label="position"
          class="PodBrowser-root PodBrowser-request-container__section PodBrowser-request-container__section--box PodBrowser-row"
        >
          <label
            class="PodBrowser-root PodBrowser-box__content PodBrowser-labelPlacementStart"
          >
            <span
              class="PodBrowser-root"
            >
              <span
                aria-disabled="false"
                class="PodBrowser-root PodBrowser-root PodBrowser-root PodBrowser-switchBase PodBrowser-colorPrimary"
              >
                <span
                  class="PodBrowser-label"
                >
                  <input
                    class="PodBrowser-input PodBrowser-input"
                    type="checkbox"
                    value="start"
                  />
                  <span
                    class="PodBrowser-thumb"
                  />
                </span>
                <span
                  class="PodBrowser-root"
                />
              </span>
              <span
                class="PodBrowser-track"
              />
            </span>
            <span
              class="PodBrowser-root PodBrowser-label PodBrowser-body1"
            >
              <p
                class="PodBrowser-root PodBrowser-body2"
              >
                <span
                  class="PodBrowser-icon-app PodBrowser-icon-small"
                />
                Your Pod
              </p>
            </span>
          </label>
        </div>
      </fieldset>
      <fieldset
        class="PodBrowser-root PodBrowser-request-container__section"
      >
        <legend
          class="PodBrowser-request-container__header-text PodBrowser-request-container__header-text--small"
        >
          <span>
            <span
              class="PodBrowser-icon-view PodBrowser-icon-small"
            />
            [agent name] wants to view
          </span>
          <button
            class="PodBrowser-button PodBrowser-button--secondary PodBrowser-request-container__button--small"
          >
            <span
              class="PodBrowser-button__text"
            >
              <span
                class="PodBrowser-root PodBrowser-body2"
              >
                Select all
              </span>
            </span>
          </button>
        </legend>
        <div
          aria-label="position"
          class="PodBrowser-root PodBrowser-request-container__section PodBrowser-request-container__section--box PodBrowser-row"
        >
          <label
            class="PodBrowser-root PodBrowser-box__content PodBrowser-labelPlacementStart"
          >
            <span
              class="PodBrowser-root"
            >
              <span
                aria-disabled="false"
                class="PodBrowser-root PodBrowser-root PodBrowser-root PodBrowser-switchBase PodBrowser-colorPrimary"
              >
                <span
                  class="PodBrowser-label"
                >
                  <input
                    class="PodBrowser-input PodBrowser-input"
                    type="checkbox"
                    value="start"
                  />
                  <span
                    class="PodBrowser-thumb"
                  />
                </span>
                <span
                  class="PodBrowser-root"
                />
              </span>
              <span
                class="PodBrowser-track"
              />
            </span>
            <span
              class="PodBrowser-root PodBrowser-label PodBrowser-body1"
            >
              <p
                class="PodBrowser-root PodBrowser-body2"
              >
                <span
                  class="PodBrowser-icon-folder PodBrowser-icon-small"
                />
                folder_name
              </p>
            </span>
          </label>
          <label
            class="PodBrowser-root PodBrowser-box__content PodBrowser-labelPlacementStart"
          >
            <span
              class="PodBrowser-root"
            >
              <span
                aria-disabled="false"
                class="PodBrowser-root PodBrowser-root PodBrowser-root PodBrowser-switchBase PodBrowser-colorPrimary"
              >
                <span
                  class="PodBrowser-label"
                >
                  <input
                    class="PodBrowser-input PodBrowser-input"
                    type="checkbox"
                    value="start"
                  />
                  <span
                    class="PodBrowser-thumb"
                  />
                </span>
                <span
                  class="PodBrowser-root"
                />
              </span>
              <span
                class="PodBrowser-track"
              />
            </span>
            <span
              class="PodBrowser-root PodBrowser-label PodBrowser-body1"
            >
              <p
                class="PodBrowser-root PodBrowser-body2"
              >
                Item 2
              </p>
            </span>
          </label>
        </div>
      </fieldset>
      <fieldset
        class="PodBrowser-root PodBrowser-request-container__section"
      >
        <legend
          class="PodBrowser-request-container__header-text PodBrowser-request-container__header-text--small"
        >
          <span>
            <span
              class="PodBrowser-icon-add PodBrowser-icon-small"
            />
            [agent name] wants to add to
          </span>
          <button
            class="PodBrowser-button PodBrowser-button--secondary PodBrowser-request-container__button--small"
          >
            <span
              class="PodBrowser-button__text"
            >
              <span
                class="PodBrowser-root PodBrowser-body2"
              >
                Select all
              </span>
            </span>
          </button>
        </legend>
        <div
          aria-label="position"
          class="PodBrowser-root PodBrowser-request-container__section PodBrowser-request-container__section--box PodBrowser-row"
        >
          <label
            class="PodBrowser-root PodBrowser-box__content PodBrowser-labelPlacementStart"
          >
            <span
              class="PodBrowser-root"
            >
              <span
                aria-disabled="false"
                class="PodBrowser-root PodBrowser-root PodBrowser-root PodBrowser-switchBase PodBrowser-colorPrimary"
              >
                <span
                  class="PodBrowser-label"
                >
                  <input
                    class="PodBrowser-input PodBrowser-input"
                    type="checkbox"
                    value="start"
                  />
                  <span
                    class="PodBrowser-thumb"
                  />
                </span>
                <span
                  class="PodBrowser-root"
                />
              </span>
              <span
                class="PodBrowser-track"
              />
            </span>
            <span
              class="PodBrowser-root PodBrowser-label PodBrowser-body1"
            >
              <p
                class="PodBrowser-root PodBrowser-body2"
              >
                folder_name
              </p>
            </span>
          </label>
        </div>
      </fieldset>
      <fieldset
        class="PodBrowser-root PodBrowser-request-container__section"
      >
        <legend
          class="PodBrowser-request-container__header-text PodBrowser-request-container__header-text--small"
        >
          <span>
            <span
              class="PodBrowser-icon-user PodBrowser-icon-small"
            />
            [agent name] wants add or remove people from
          </span>
          <button
            class="PodBrowser-button PodBrowser-button--secondary PodBrowser-request-container__button--small"
          >
            <span
              class="PodBrowser-button__text"
            >
              <span
                class="PodBrowser-root PodBrowser-body2"
              >
                Select all
              </span>
            </span>
          </button>
        </legend>
        <div
          aria-label="position"
          class="PodBrowser-root PodBrowser-request-container__section PodBrowser-request-container__section--box PodBrowser-row"
        >
          <label
            class="PodBrowser-root PodBrowser-box__content PodBrowser-labelPlacementStart"
          >
            <span
              class="PodBrowser-root"
            >
              <span
                aria-disabled="false"
                class="PodBrowser-root PodBrowser-root PodBrowser-root PodBrowser-switchBase PodBrowser-colorPrimary"
              >
                <span
                  class="PodBrowser-label"
                >
                  <input
                    class="PodBrowser-input PodBrowser-input"
                    type="checkbox"
                    value="start"
                  />
                  <span
                    class="PodBrowser-thumb"
                  />
                </span>
                <span
                  class="PodBrowser-root"
                />
              </span>
              <span
                class="PodBrowser-track"
              />
            </span>
            <span
              class="PodBrowser-root PodBrowser-label PodBrowser-body1"
            >
              <p
                class="PodBrowser-root PodBrowser-body2"
              >
                file_name
              </p>
            </span>
          </label>
          <label
            class="PodBrowser-root PodBrowser-box__content PodBrowser-labelPlacementStart"
          >
            <span
              class="PodBrowser-root"
            >
              <span
                aria-disabled="false"
                class="PodBrowser-root PodBrowser-root PodBrowser-root PodBrowser-switchBase PodBrowser-colorPrimary"
              >
                <span
                  class="PodBrowser-label"
                >
                  <input
                    class="PodBrowser-input PodBrowser-input"
                    type="checkbox"
                    value="start"
                  />
                  <span
                    class="PodBrowser-thumb"
                  />
                </span>
                <span
                  class="PodBrowser-root"
                />
              </span>
              <span
                class="PodBrowser-track"
              />
            </span>
            <span
              class="PodBrowser-root PodBrowser-label PodBrowser-body1"
            >
              <p
                class="PodBrowser-root PodBrowser-body2"
              >
                file_name
              </p>
            </span>
          </label>
        </div>
      </fieldset>
      <fieldset
        class="PodBrowser-root PodBrowser-request-container__section"
      >
        <legend
          class="PodBrowser-request-container__header-text PodBrowser-request-container__header-text--small"
        >
          <span>
            <span
              class="PodBrowser-icon-users PodBrowser-icon-small"
            />
            [agent name] wants see who else can view
          </span>
          <button
            class="PodBrowser-button PodBrowser-button--secondary PodBrowser-request-container__button--small"
          >
            <span
              class="PodBrowser-button__text"
            >
              <span
                class="PodBrowser-root PodBrowser-body2"
              >
                Select all
              </span>
            </span>
          </button>
        </legend>
        <div
          aria-label="position"
          class="PodBrowser-root PodBrowser-request-container__section PodBrowser-request-container__section--box PodBrowser-row"
        >
          <label
            class="PodBrowser-root PodBrowser-box__content PodBrowser-labelPlacementStart"
          >
            <span
              class="PodBrowser-root"
            >
              <span
                aria-disabled="false"
                class="PodBrowser-root PodBrowser-root PodBrowser-root PodBrowser-switchBase PodBrowser-colorPrimary"
              >
                <span
                  class="PodBrowser-label"
                >
                  <input
                    class="PodBrowser-input PodBrowser-input"
                    type="checkbox"
                    value="start"
                  />
                  <span
                    class="PodBrowser-thumb"
                  />
                </span>
                <span
                  class="PodBrowser-root"
                />
              </span>
              <span
                class="PodBrowser-track"
              />
            </span>
            <span
              class="PodBrowser-root PodBrowser-label PodBrowser-body1"
            >
              <p
                class="PodBrowser-root PodBrowser-body2"
              >
                Your Pod
              </p>
            </span>
          </label>
        </div>
      </fieldset>
      <div
        class="PodBrowser-form__controls"
      >
        <button
          class="PodBrowser-button PodBrowser-button--secondary"
        >
          <span
            class="PodBrowser-button__text"
          >
            Deny all access
          </span>
        </button>
        <button
          class="PodBrowser-button"
        >
          <span
            class="PodBrowser-button__text"
          >
            Confirm Access
          </span>
        </button>
      </div>
    </form>
    <div
      class="PodBrowser-request-container__content"
    >
      <h3
        class="PodBrowser-root PodBrowser-heading__uppercase PodBrowser-h3 PodBrowser-alignCenter"
      >
        About this application
      </h3>
      <p
        class="PodBrowser-root PodBrowser-body2 PodBrowser-alignCenter"
      >
        <span
          class="PodBrowser-icon-project-diagram PodBrowser-avatar"
        />
        agent_name
      </p>
      <p
        class="PodBrowser-root PodBrowser-footer__links PodBrowser-body1"
      >
        <a
          class="PodBrowser-root PodBrowser-root PodBrowser-underlineHover PodBrowser-body2 PodBrowser-colorPrimary"
          href="/"
        >
          <span
            class="PodBrowser-icon-globe PodBrowser-icon-small PodBrowser-icon-small--primary"
          />
          Website
        </a>
        <a
          class="PodBrowser-root PodBrowser-root PodBrowser-underlineHover PodBrowser-body2 PodBrowser-colorPrimary"
          href="/"
        >
          <span
            class="PodBrowser-icon-webid PodBrowser-icon-small PodBrowser-icon-small--primary"
          />
          Privacy
        </a>
        <a
          class="PodBrowser-root PodBrowser-root PodBrowser-underlineHover PodBrowser-body2 PodBrowser-colorPrimary"
          href="/"
        >
          <span
            class="PodBrowser-icon-doc PodBrowser-icon-small PodBrowser-icon-small--primary"
          />
          Terms of Service
        </a>
      </p>
    </div>
  </div>
</DocumentFragment>
`;
