// Jest Snapshot v1, https://goo.gl/fbAQLP

exports[`Delete contact link it renders a delete contact link 1`] = `
<DeleteLink
  confirmationContent="This action cannot be undone."
  confirmationTitle="Delete Contact?"
  dialogId="delete-contact"
  onDelete={[MockFunction]}
  successMessage="Contact was successfully deleted."
>
  Delete
</DeleteLink>
`;
