// Jest Snapshot v1, https://goo.gl/fbAQLP

exports[`Login form renders a login page with a sign in button and a 'Sign in with other provider' button 1`] = `
<DocumentFragment>
  <div
    class="PodBrowser-login-form"
  >
    <h3
      data-testid="login-title"
    >
      Sign in with
    </h3>
    <img
      alt="Inrupt PodBrowser"
      class="PodBrowser-login-form__logo"
      src="/pod-spaces-logo.svg"
      width="160"
    />
    <div
      role="button"
      tabindex="0"
    >
      <button
        class="PodBrowser-button PodBrowser-login-form__button"
        data-testid="login-button"
        type="submit"
      >
        <span
          class="PodBrowser-button__text"
        >
          Sign In
        </span>
      </button>
    </div>
    <div
      class="PodBrowser-separator__wrap"
    >
      <h2
        class="PodBrowser-separator__centre-line"
      >
        <span>
          Or
        </span>
      </h2>
    </div>
    <button
      class="PodBrowser-button PodBrowser-button--secondary"
      data-testid="other-providers-button"
    >
      <span
        class="PodBrowser-button__text"
      >
        Sign in with other provider
      </span>
      <span
        class="PodBrowser-icon-caret-down PodBrowser-button__icon PodBrowser-button__icon--after"
      />
    </button>
    <div
      class="PodBrowser-provider-login-container"
    >
      <div
        class="PodBrowser-infoTooltipContainer PodBrowser-info-button"
      >
        <span
          data-testid="info-button-label"
        >
          Where is your Pod hosted?
        </span>
        <button
          class="PodBrowser-root PodBrowser-root PodBrowser-infoButton PodBrowser-text"
          tabindex="0"
          title="This is where you signed up for a Solid Pod"
          type="button"
        >
          <span
            class="PodBrowser-label"
          >
            <i
              aria-label="Info"
              class="PodBrowser-icon-info PodBrowser-infoIcon"
            />
          </span>
          <span
            class="PodBrowser-root"
          />
        </button>
      </div>
      <form
        class="PodBrowser-provider-login__form"
      >
        <div
          class="PodBrowser-provider-login__wrapper"
        >
          <div
            class="PodBrowser-root PodBrowser-selectionBox"
          >
            <div
              aria-expanded="false"
              class="PodBrowser-root PodBrowser-hasClearIcon"
              role="combobox"
            >
              <div
                class="PodBrowser-root PodBrowser-root PodBrowser-fullWidth"
                data-testid="login-field"
              >
                <div
                  class="PodBrowser-root PodBrowser-root PodBrowser-inputRoot PodBrowser-fullWidth PodBrowser-formControl PodBrowser-adornedEnd PodBrowser-adornedEnd"
                >
                  <input
                    aria-autocomplete="list"
                    aria-invalid="false"
                    autocapitalize="none"
                    autocomplete="off"
                    class="PodBrowser-input PodBrowser-input PodBrowser-input PodBrowser-inputFocused PodBrowser-inputAdornedEnd PodBrowser-inputAdornedEnd"
                    id="provider-select"
                    spellcheck="false"
                    type="url"
                    value=""
                  />
                  <div
                    class="PodBrowser-endAdornment"
                  >
                    <button
                      aria-label="Clear"
                      class="PodBrowser-root PodBrowser-root PodBrowser-clearIndicator PodBrowser-clearIndicatorDirty"
                      tabindex="-1"
                      title="Clear"
                      type="button"
                    >
                      <span
                        class="PodBrowser-label"
                      >
                        <svg
                          aria-hidden="true"
                          class="PodBrowser-root PodBrowser-fontSizeSmall"
                          focusable="false"
                          viewBox="0 0 24 24"
                        >
                          <path
                            d="M19 6.41L17.59 5 12 10.59 6.41 5 5 6.41 10.59 12 5 17.59 6.41 19 12 13.41 17.59 19 19 17.59 13.41 12z"
                          />
                        </svg>
                      </span>
                      <span
                        class="PodBrowser-root"
                      />
                    </button>
                  </div>
                  <fieldset
                    aria-hidden="true"
                    class="PodBrowser-root PodBrowser-notchedOutline"
                    style="padding-left: 8px;"
                  >
                    <legend
                      class="PodBrowser-legend"
                      style="width: 0.01px;"
                    >
                      <span>
                        ​
                      </span>
                    </legend>
                  </fieldset>
                </div>
              </div>
            </div>
          </div>
          <div
            role="button"
            tabindex="0"
          >
            <button
              class="PodBrowser-button PodBrowser-provider-login__button"
              data-testid="go-button"
              type="submit"
            >
              <span
                class="PodBrowser-button__text"
              >
                Go
              </span>
            </button>
          </div>
        </div>
      </form>
    </div>
  </div>
</DocumentFragment>
`;
