// Jest Snapshot v1, https://goo.gl/fbAQLP

exports[`Login form renders a login page with a sign in button and a 'Sign in with other provider' button 1`] = `
<DocumentFragment>
  <div
    class="PodBrowser-login-form"
  >
    <h3
      data-testid="login-title"
    >
      Sign in with
    </h3>
    <img
      alt="Inrupt PodBrowser"
      class="PodBrowser-login-form__logo"
      src="/pod-spaces-logo.svg"
      width="160"
    />
    <div
      role="button"
      tabindex="0"
    >
      <button
        class="PodBrowser-button PodBrowser-login-form__button"
        data-testid="login-button"
        type="submit"
      >
        <span
          class="PodBrowser-button__text"
        >
          Sign In
        </span>
      </button>
    </div>
    <div
      class="PodBrowser-separator__wrap"
    >
      <h2
        class="PodBrowser-separator__centre-line"
      >
        <span>
          Or
        </span>
      </h2>
    </div>
    <button
      class="PodBrowser-button PodBrowser-button--secondary"
      data-testid="other-providers-button"
    >
      <span
        class="PodBrowser-button__text"
      >
        Sign in with other provider
      </span>
      <span
        class="PodBrowser-icon-caret-down PodBrowser-button__icon PodBrowser-button__icon--after"
      />
    </button>
  </div>
</DocumentFragment>
`;
