// Jest Snapshot v1, https://goo.gl/fbAQLP

exports[`GroupDetailsEditButton renders 1`] = `
<DocumentFragment>
  <button
    class="PodBrowser-button"
    data-testid="group-details-edit-button"
  >
    <span
      class="PodBrowser-button__text"
    >
      Edit Group Details
    </span>
  </button>
</DocumentFragment>
`;
