// Jest Snapshot v1, https://goo.gl/fbAQLP

exports[`View access details button and modal renders a button which triggers the opening of the modal 1`] = `
<DocumentFragment>
  <div
    aria-disabled="false"
    class="PodBrowser-root PodBrowser-root PodBrowser-gutters PodBrowser-button"
    data-testid="view-details-button"
    role="button"
    tabindex="0"
  >
    <div
      class="PodBrowser-root"
    >
      View Details
    </div>
    <span
      class="PodBrowser-root"
    />
  </div>
</DocumentFragment>
`;
