// Jest Snapshot v1, https://goo.gl/fbAQLP

exports[`PrivacyPage renders empty state if there's no agents to show 1`] = `
<DocumentFragment>
  <div
    class="PodBrowser-tabsContainer"
  >
    <div
      class="PodBrowser-root"
    >
      <div
        class="PodBrowser-scroller PodBrowser-fixed"
        style="overflow: hidden;"
      >
        <div
          aria-label="Filter tabs"
          class="PodBrowser-flexContainer"
          role="tablist"
        >
          <button
            aria-selected="true"
            class="PodBrowser-root PodBrowser-root PodBrowser-tab PodBrowser-textColorInherit PodBrowser-selected PodBrowser-selected"
            data-testid="tab-all"
            role="tab"
            tabindex="0"
            type="button"
          >
            <span
              class="PodBrowser-wrapper"
            >
              All
            </span>
            <span
              class="PodBrowser-root"
            />
          </button>
          <button
            aria-selected="false"
            class="PodBrowser-root PodBrowser-root PodBrowser-tab PodBrowser-textColorInherit"
            data-testid="tab-people"
            role="tab"
            tabindex="-1"
            type="button"
          >
            <span
              class="PodBrowser-wrapper"
            >
              People
            </span>
            <span
              class="PodBrowser-root"
            />
          </button>
          <button
            aria-selected="false"
            class="PodBrowser-root PodBrowser-root PodBrowser-tab PodBrowser-textColorInherit"
            data-testid="tab-apps"
            role="tab"
            tabindex="-1"
            type="button"
          >
            <span
              class="PodBrowser-wrapper"
            >
              Apps
            </span>
            <span
              class="PodBrowser-root"
            />
          </button>
        </div>
        <span
          class="PodBrowser-root PodBrowser-colorSecondary PodBrowser-indicator PodBrowser-indicator"
          style="left: 0px; width: 0px;"
        />
      </div>
    </div>
  </div>
  <div
    class="PodBrowser-loading-indicator-container PodBrowser-loading-indicator-container--center"
  >
    <svg
      class="PodBrowser-loading-indicator"
      data-testid="spinner"
      viewBox="22 22 44 44"
    >
      <circle
        cx="44"
        cy="44"
        fill="none"
        r="20.2"
        stroke-width="3.6"
      />
    </svg>
  </div>
  <a
    href="/privacy/consent/requests/test-request"
  >
    View test request
  </a>
</DocumentFragment>
`;
