// Jest Snapshot v1, https://goo.gl/fbAQLP

exports[`ContactsListSearch render profiles when people are loaded 1`] = `
<DocumentFragment>
  <div
    aria-expanded="false"
    class="PodBrowser-root PodBrowser-search PodBrowser-hasClearIcon"
    role="combobox"
  >
    <div
      class="PodBrowser-root PodBrowser-root PodBrowser-marginDense PodBrowser-fullWidth"
    >
      <div
        class="PodBrowser-root PodBrowser-root PodBrowser-fullWidth PodBrowser-formControl PodBrowser-adornedStart PodBrowser-adornedStart PodBrowser-marginDense PodBrowser-marginDense"
      >
        <div
          class="PodBrowser-root PodBrowser-positionStart PodBrowser-marginDense"
        >
          <span
            class="PodBrowser-icon-search"
          />
        </div>
        <input
          aria-autocomplete="list"
          aria-invalid="false"
          autocapitalize="none"
          autocomplete="off"
          class="PodBrowser-input PodBrowser-input PodBrowser-input PodBrowser-inputFocused PodBrowser-inputAdornedStart PodBrowser-inputAdornedStart PodBrowser-inputMarginDense PodBrowser-inputMarginDense"
          data-testid="contacts-search"
          id="ContactsSearch"
          spellcheck="false"
          type="text"
          value=""
        />
        <fieldset
          aria-hidden="true"
          class="PodBrowser-root PodBrowser-notchedOutline"
          style="padding-left: 8px;"
        >
          <legend
            class="PodBrowser-legend"
            style="width: 0.01px;"
          >
            <span>
              ​
            </span>
          </legend>
        </fieldset>
      </div>
    </div>
  </div>
</DocumentFragment>
`;

exports[`ContactsListSearch renders form if people are still loading 1`] = `
<DocumentFragment>
  <div
    aria-expanded="false"
    class="PodBrowser-root PodBrowser-search PodBrowser-hasClearIcon"
    role="combobox"
  >
    <div
      class="PodBrowser-root PodBrowser-root PodBrowser-marginDense PodBrowser-fullWidth"
    >
      <div
        class="PodBrowser-root PodBrowser-root PodBrowser-fullWidth PodBrowser-formControl PodBrowser-adornedStart PodBrowser-adornedStart PodBrowser-marginDense PodBrowser-marginDense"
      >
        <div
          class="PodBrowser-root PodBrowser-positionStart PodBrowser-marginDense"
        >
          <span
            class="PodBrowser-icon-search"
          />
        </div>
        <input
          aria-autocomplete="list"
          aria-invalid="false"
          autocapitalize="none"
          autocomplete="off"
          class="PodBrowser-input PodBrowser-input PodBrowser-input PodBrowser-inputFocused PodBrowser-inputAdornedStart PodBrowser-inputAdornedStart PodBrowser-inputMarginDense PodBrowser-inputMarginDense"
          data-testid="contacts-search"
          id="ContactsSearch"
          spellcheck="false"
          type="text"
          value=""
        />
        <fieldset
          aria-hidden="true"
          class="PodBrowser-root PodBrowser-notchedOutline"
          style="padding-left: 8px;"
        >
          <legend
            class="PodBrowser-legend"
            style="width: 0.01px;"
          >
            <span>
              ​
            </span>
          </legend>
        </fieldset>
      </div>
    </div>
  </div>
</DocumentFragment>
`;
