// Jest Snapshot v1, https://goo.gl/fbAQLP

exports[`Profile renders a person profile 1`] = `
<DocumentFragment>
  <div
    class="PodBrowser-container"
  >
    <div
      class="PodBrowser-root PodBrowser-elevation1 PodBrowser-rounded"
      style="margin-top: 1em;"
    >
      <div
        class="PodBrowser-root PodBrowser-root"
      >
        <span>
          Fetching data...
        </span>
      </div>
    </div>
  </div>
</DocumentFragment>
`;

exports[`Profile renders an app profile 1`] = `
<DocumentFragment>
  <div
    class="PodBrowser-container"
  >
    <div
      class="PodBrowser-root PodBrowser-elevation1 PodBrowser-rounded"
      style="margin-top: 1em;"
    >
      <div
        class="PodBrowser-root PodBrowser-root"
      >
        <div
          class="PodBrowser-root PodBrowser-root"
        >
          <div
            class="PodBrowser-root PodBrowser-root"
          >
            <div
              class="PodBrowser-root PodBrowser-circle PodBrowser-appAvatar PodBrowser-colorDefault"
            >
              <div
                class="PodBrowser-root PodBrowser-circle PodBrowser-appAvatar PodBrowser-colorDefault"
              >
                <span
                  class="PodBrowser-icon-project-diagram PodBrowser-appAvatar"
                />
              </div>
            </div>
          </div>
          <div
            class="PodBrowser-root PodBrowser-root"
          >
            <h3
              data-testid="app-name-title"
            >
              <span>
                Mock App
              </span>
            </h3>
          </div>
        </div>
        <hr />
        <div
          class="PodBrowser-root PodBrowser-root"
        >
          <div
            class="PodBrowser-root PodBrowser-root"
          >
            <label
              class="PodBrowser-root PodBrowser-root PodBrowser-animated"
            >
              App WebID
            </label>
            <span
              data-testid="app-webid-field"
            >
              https://mockappurl.com
            </span>
          </div>
        </div>
        <div
          class="PodBrowser-root PodBrowser-root"
        >
          <div
            class="PodBrowser-root PodBrowser-root"
          >
            <label
              class="PodBrowser-root PodBrowser-root PodBrowser-animated"
            >
              Terms of Service
            </label>
            <span
              data-testid="app-tos-field"
            >
              https://mockappurl.com/terms-of-service
            </span>
          </div>
        </div>
        <div
          class="PodBrowser-root PodBrowser-root"
        >
          <div
            class="PodBrowser-root PodBrowser-root"
          >
            <label
              class="PodBrowser-root PodBrowser-root PodBrowser-animated"
            >
              Privacy Policy
            </label>
            <span
              data-testid="app-policy-field"
            >
              https://mockappurl.com/privacy-policy
            </span>
          </div>
        </div>
        <div
          class="PodBrowser-root PodBrowser-root"
        >
          <label
            class="PodBrowser-root PodBrowser-root PodBrowser-animated"
          >
            Contact Support
          </label>
          <table
            class="PodBrowser-table  PodBrowser-table--inherits"
            role="table"
          >
            <thead>
              <tr
                role="row"
              >
                <th
                  colspan="1"
                  role="columnheader"
                />
                <th
                  colspan="1"
                  role="columnheader"
                />
              </tr>
            </thead>
            <tbody
              role="rowgroup"
            >
              <tr
                role="row"
              >
                <td
                  role="cell"
                >
                  <b>
                    Website
                  </b>
                </td>
                <td
                  role="cell"
                >
                  https://alice2.example.org/card#me
                </td>
              </tr>
              <tr
                role="row"
              >
                <td
                  role="cell"
                >
                  <b>
                    Telephone
                  </b>
                </td>
                <td
                  role="cell"
                />
              </tr>
              <tr
                role="row"
              >
                <td
                  role="cell"
                >
                  <b>
                    E-mail
                  </b>
                </td>
                <td
                  role="cell"
                />
              </tr>
            </tbody>
          </table>
        </div>
      </div>
    </div>
  </div>
</DocumentFragment>
`;
