// Jest Snapshot v1, https://goo.gl/fbAQLP

exports[`GroupDetails renders 1`] = `
<DocumentFragment>
  <div
    data-testid="group-details"
  >
    <a
      class="PodBrowser-button PodBrowser-button--text PodBrowser-group-details-back-link"
      data-testid="group-details-back-link"
      iconbefore="caret-left"
    >
      <span
        class="PodBrowser-icon-caret-left PodBrowser-button__icon PodBrowser-button__icon--before"
      />
      <span
        class="PodBrowser-button__text"
      >
        All Groups
      </span>
    </a>
    <div
      class="PodBrowser-loading-indicator-container PodBrowser-loading-indicator-container--center"
    >
      <svg
        class="PodBrowser-loading-indicator"
        data-testid="spinner"
        viewBox="22 22 44 44"
      >
        <circle
          cx="44"
          cy="44"
          fill="none"
          r="20.2"
          stroke-width="3.6"
        />
      </svg>
    </div>
  </div>
</DocumentFragment>
`;
