// Jest Snapshot v1, https://goo.gl/fbAQLP

exports[`Index page Renders an error if there is an empty array of pod iris 1`] = `
<DocumentFragment>
  <div
    class="PodBrowser-container"
    data-testid="no-pod-message"
  >
    <h1>
      Pod Not Found
    </h1>
    <p>
      It appears you do not have a Pod.
      <a
        href="https://id.inrupt.com/"
      >
        Get a Pod
      </a>
    </p>
  </div>
</DocumentFragment>
`;

exports[`Index page Renders null if there is no profile 1`] = `<DocumentFragment />`;

exports[`Index page silently fails on router errors 1`] = `<DocumentFragment />`;
