// Jest Snapshot v1, https://goo.gl/fbAQLP

exports[`Index page Renders an error if there is an empty array of pod iris 1`] = `
<DocumentFragment>
  <div
    data-testid="no-pod-found-error"
  >
    <div
      class="PodBrowser-page-header"
    >
      <h1
        class="PodBrowser-page-header__title"
      >
        Pod URL Not Found
      </h1>
    </div>
    <div
      class="PodBrowser-container"
    >
      <p>
        PodBrowser could not find a URL for a Pod linked to your profile.
      </p>
    </div>
  </div>
</DocumentFragment>
`;

exports[`Index page Renders null if there is no profile 1`] = `<DocumentFragment />`;

exports[`Index page silently fails on router errors 1`] = `<DocumentFragment />`;
