// Jest Snapshot v1, https://goo.gl/fbAQLP

exports[`CreateGroupButton renders a button 1`] = `
<DocumentFragment>
  <button
    class="PodBrowser-button"
    data-testid="create-group-button"
  >
    <span
      class="PodBrowser-button__text"
    >
      test
    </span>
  </button>
</DocumentFragment>
`;
