// Jest Snapshot v1, https://goo.gl/fbAQLP

exports[`ContainerDetailsButton Renders view 1`] = `
<ContainerDetailsButton>
  <ResourceLink
    action="details"
    id="folder-details-button"
  >
    <Link
      as={
        Object {
          "pathname": "/resource/[iri]",
          "query": Object {
            "action": "details",
            "resourceIri": "",
          },
        }
      }
      href={
        Object {
          "pathname": "/resource/[iri]",
          "query": Object {
            "action": "details",
            "resourceIri": "",
          },
        }
      }
      replace={true}
    >
      <a
        href="/resource/[iri]?action=details&resourceIri="
        id="folder-details-button"
        onClick={[Function]}
        onMouseEnter={[Function]}
      >
        Folder Details
      </a>
    </Link>
  </ResourceLink>
</ContainerDetailsButton>
`;
