// Jest Snapshot v1, https://goo.gl/fbAQLP

exports[`Person Profile renders a profile 1`] = `
<DocumentFragment>
  <div
    class="PodBrowser-root PodBrowser-root"
  >
    <div
      class="PodBrowser-root PodBrowser-root"
    >
      <label
        class="PodBrowser-root PodBrowser-root PodBrowser-animated"
        data-testid="profile-name-title"
      >
        Name
      </label>
      <span
        data-testid="profile-name-field"
      >
        Alice
      </span>
    </div>
    <div
      class="PodBrowser-root PodBrowser-root"
    >
      <label
        class="PodBrowser-root PodBrowser-root PodBrowser-animated"
      >
        Role
      </label>
      <span />
    </div>
    <div
      class="PodBrowser-root PodBrowser-root"
    >
      <label
        class="PodBrowser-root PodBrowser-root PodBrowser-animated"
      >
        Organization
      </label>
      <span />
    </div>
  </div>
  <div
    class="PodBrowser-root PodBrowser-root"
  >
    <label
      class="PodBrowser-root PodBrowser-root PodBrowser-animated"
    >
      Email Addresses
    </label>
    <div
      class="PodBrowser-root PodBrowser-root"
    >
      <table
        class="PodBrowser-table  PodBrowser-table--inherits PodBrowser-table"
        role="table"
      >
        <thead>
          <tr
            role="row"
          >
            <th
              colspan="1"
              role="columnheader"
            />
            <th
              colspan="1"
              role="columnheader"
            />
            <th
              colspan="1"
              role="columnheader"
            />
          </tr>
        </thead>
        <tbody
          role="rowgroup"
        />
      </table>
    </div>
  </div>
  <div
    class="PodBrowser-root PodBrowser-root"
  >
    <label
      class="PodBrowser-root PodBrowser-root PodBrowser-animated"
    >
      Phone Numbers
    </label>
    <div
      class="PodBrowser-root PodBrowser-root"
    >
      <table
        class="PodBrowser-table  PodBrowser-table--inherits PodBrowser-table"
        role="table"
      >
        <thead>
          <tr
            role="row"
          >
            <th
              colspan="1"
              role="columnheader"
            />
            <th
              colspan="1"
              role="columnheader"
            />
            <th
              colspan="1"
              role="columnheader"
            />
          </tr>
        </thead>
        <tbody
          role="rowgroup"
        />
      </table>
    </div>
  </div>
</DocumentFragment>
`;
