// Jest Snapshot v1, https://goo.gl/fbAQLP

exports[`Renders a consent modal clicking on the revoke button revokes access 1`] = `
<body>
  <div>
    <div
      class="PodBrowser-modal__container"
      data-testid="consent-details-modal"
    >
      <div
        class="PodBrowser-modal__body PodBrowser-access-details--wrapper"
      >
        <div
          class="PodBrowser-root PodBrowser-container"
        >
          <div
            class="PodBrowser-root PodBrowser-access-details--title PodBrowser-container"
            flexdirection="row"
          >
            <span>
              Fetching data...
            </span>
          </div>
          <div
            class="PodBrowser-root PodBrowser-access-details--section PodBrowser-container"
          >
            <div
              class="PodBrowser-root PodBrowser-container PodBrowser-item"
              flexdirection="row"
              justifycontent="space-between"
            >
              <h3
                class="PodBrowser-access-details--section-header"
              >
                Access
              </h3>
            </div>
            <div
              class="PodBrowser-root PodBrowser-item"
            >
              <hr
                class="PodBrowser-access-details--separator"
              />
              <ul
                class="PodBrowser-root PodBrowser-dense PodBrowser-padding"
                style="overflow: visable;"
              >
                <li
                  class="PodBrowser-root PodBrowser-dense PodBrowser-gutters"
                  style="padding: 0px;"
                >
                  <div
                    class="PodBrowser-root PodBrowser-listItemIcon"
                  >
                    <span
                      class="PodBrowser-icon-view PodBrowser-access-details--section-icon"
                    />
                  </div>
                  <div
                    class="PodBrowser-root PodBrowser-listItemText PodBrowser-dense PodBrowser-multiline"
                  >
                    <span
                      class="PodBrowser-root PodBrowser-primary PodBrowser-listItemTitleText PodBrowser-body2 PodBrowser-displayBlock"
                    >
                      View
                    </span>
                    <p
                      class="PodBrowser-root PodBrowser-secondary PodBrowser-listItemSecondaryText PodBrowser-body2 PodBrowser-colorTextSecondary PodBrowser-displayBlock"
                    >
                      Can see this resource
                    </p>
                  </div>
                </li>
              </ul>
            </div>
            <div
              class="PodBrowser-root PodBrowser-item"
            >
              <h3
                class="PodBrowser-access-details--section-header"
              >
                Approved On
              </h3>
              <hr
                class="PodBrowser-access-details--separator"
              />
              <p>
                10/11/2021
              </p>
            </div>
            <div
              class="PodBrowser-root PodBrowser-item"
            >
              <h3
                class="PodBrowser-access-details--section-header"
              >
                Purpose
              </h3>
              <hr
                class="PodBrowser-access-details--separator"
              />
              <div
                class=""
              >
                <ul
                  class="PodBrowser-root PodBrowser-dense PodBrowser-padding"
                  style="overflow: visable;"
                >
                  <li
                    class="PodBrowser-root PodBrowser-dense PodBrowser-gutters"
                  >
                    <span
                      class="PodBrowser-purpose"
                    >
                      https://example.org/someSpecificPurpose
                       
                      <div
                        class="PodBrowser-infoTooltipContainer"
                      >
                        <button
                          class="PodBrowser-root PodBrowser-root PodBrowser-infoButton PodBrowser-text"
                          tabindex="0"
                          title="https://example.org/someSpecificPurpose"
                          type="button"
                        >
                          <span
                            class="PodBrowser-label"
                          >
                            <i
                              aria-label="Info"
                              class="PodBrowser-icon-info PodBrowser-infoIcon"
                            />
                          </span>
                          <span
                            class="PodBrowser-root"
                          />
                        </button>
                      </div>
                    </span>
                  </li>
                  <li
                    class="PodBrowser-root PodBrowser-dense PodBrowser-gutters"
                  >
                    <span
                      class="PodBrowser-purpose"
                    >
                      https://example.org/someSpecificPurpose2
                       
                      <div
                        class="PodBrowser-infoTooltipContainer"
                      >
                        <button
                          class="PodBrowser-root PodBrowser-root PodBrowser-infoButton PodBrowser-text"
                          tabindex="0"
                          title="https://example.org/someSpecificPurpose2"
                          type="button"
                        >
                          <span
                            class="PodBrowser-label"
                          >
                            <i
                              aria-label="Info"
                              class="PodBrowser-icon-info PodBrowser-infoIcon"
                            />
                          </span>
                          <span
                            class="PodBrowser-root"
                          />
                        </button>
                      </div>
                    </span>
                  </li>
                </ul>
              </div>
            </div>
            <div
              class="PodBrowser-root PodBrowser-item"
            >
              <div
                class="PodBrowser-root PodBrowser-container"
              >
                <h3
                  class="PodBrowser-access-details--section-header"
                >
                  Access Duration
                </h3>
                <hr
                  class="PodBrowser-access-details--separator"
                />
                <span>
                  <span>
                     
                    https://example.com/profile/card#me
                     
                  </span>
                  has access until 
                  <strong>
                    October 11, 2022
                  </strong>
                  .
                </span>
              </div>
            </div>
          </div>
          <div
            class="PodBrowser-root PodBrowser-access-details--action-container PodBrowser-container"
          >
            <div
              class="PodBrowser-root PodBrowser-item PodBrowser-grid-xs-12 PodBrowser-grid-sm-6"
            >
              <button
                class="PodBrowser-button PodBrowser-access-details--revoke-text"
                data-testid="consent-details-revoke"
              >
                <span
                  class="PodBrowser-button__text"
                >
                  Revoke access to testIri
                </span>
              </button>
            </div>
            <div
              class="PodBrowser-root PodBrowser-item PodBrowser-grid-xs-12 PodBrowser-grid-sm-2"
            >
              <button
                class="PodBrowser-button"
                data-testid="consent-details-done"
                type="submit"
              >
                <span
                  class="PodBrowser-button__text"
                >
                  Done
                </span>
              </button>
            </div>
          </div>
        </div>
      </div>
    </div>
  </div>
</body>
`;

exports[`Renders a consent modal clicking on view details button renders a modal with the correct data 1`] = `
<body>
  <div>
    <div
      class="PodBrowser-modal__container"
      data-testid="consent-details-modal"
    >
      <div
        class="PodBrowser-modal__body PodBrowser-access-details--wrapper"
      >
        <div
          class="PodBrowser-root PodBrowser-container"
        >
          <div
            class="PodBrowser-root PodBrowser-access-details--title PodBrowser-container"
            flexdirection="row"
          >
            <span>
              Fetching data...
            </span>
          </div>
          <div
            class="PodBrowser-root PodBrowser-access-details--section PodBrowser-container"
          >
            <div
              class="PodBrowser-root PodBrowser-container PodBrowser-item"
              flexdirection="row"
              justifycontent="space-between"
            >
              <h3
                class="PodBrowser-access-details--section-header"
              >
                Access
              </h3>
            </div>
            <div
              class="PodBrowser-root PodBrowser-item"
            >
              <hr
                class="PodBrowser-access-details--separator"
              />
              <ul
                class="PodBrowser-root PodBrowser-dense PodBrowser-padding"
                style="overflow: visable;"
              >
                <li
                  class="PodBrowser-root PodBrowser-dense PodBrowser-gutters"
                  style="padding: 0px;"
                >
                  <div
                    class="PodBrowser-root PodBrowser-listItemIcon"
                  >
                    <span
                      class="PodBrowser-icon-view PodBrowser-access-details--section-icon"
                    />
                  </div>
                  <div
                    class="PodBrowser-root PodBrowser-listItemText PodBrowser-dense PodBrowser-multiline"
                  >
                    <span
                      class="PodBrowser-root PodBrowser-primary PodBrowser-listItemTitleText PodBrowser-body2 PodBrowser-displayBlock"
                    >
                      View
                    </span>
                    <p
                      class="PodBrowser-root PodBrowser-secondary PodBrowser-listItemSecondaryText PodBrowser-body2 PodBrowser-colorTextSecondary PodBrowser-displayBlock"
                    >
                      Can see this resource
                    </p>
                  </div>
                </li>
              </ul>
            </div>
            <div
              class="PodBrowser-root PodBrowser-item"
            >
              <h3
                class="PodBrowser-access-details--section-header"
              >
                Approved On
              </h3>
              <hr
                class="PodBrowser-access-details--separator"
              />
              <p>
                10/11/2021
              </p>
            </div>
            <div
              class="PodBrowser-root PodBrowser-item"
            >
              <h3
                class="PodBrowser-access-details--section-header"
              >
                Purpose
              </h3>
              <hr
                class="PodBrowser-access-details--separator"
              />
              <div
                class=""
              >
                <ul
                  class="PodBrowser-root PodBrowser-dense PodBrowser-padding"
                  style="overflow: visable;"
                >
                  <li
                    class="PodBrowser-root PodBrowser-dense PodBrowser-gutters"
                  >
                    <span
                      class="PodBrowser-purpose"
                    >
                      https://example.org/someSpecificPurpose
                       
                      <div
                        class="PodBrowser-infoTooltipContainer"
                      >
                        <button
                          class="PodBrowser-root PodBrowser-root PodBrowser-infoButton PodBrowser-text"
                          tabindex="0"
                          title="https://example.org/someSpecificPurpose"
                          type="button"
                        >
                          <span
                            class="PodBrowser-label"
                          >
                            <i
                              aria-label="Info"
                              class="PodBrowser-icon-info PodBrowser-infoIcon"
                            />
                          </span>
                          <span
                            class="PodBrowser-root"
                          />
                        </button>
                      </div>
                    </span>
                  </li>
                  <li
                    class="PodBrowser-root PodBrowser-dense PodBrowser-gutters"
                  >
                    <span
                      class="PodBrowser-purpose"
                    >
                      https://example.org/someSpecificPurpose2
                       
                      <div
                        class="PodBrowser-infoTooltipContainer"
                      >
                        <button
                          class="PodBrowser-root PodBrowser-root PodBrowser-infoButton PodBrowser-text"
                          tabindex="0"
                          title="https://example.org/someSpecificPurpose2"
                          type="button"
                        >
                          <span
                            class="PodBrowser-label"
                          >
                            <i
                              aria-label="Info"
                              class="PodBrowser-icon-info PodBrowser-infoIcon"
                            />
                          </span>
                          <span
                            class="PodBrowser-root"
                          />
                        </button>
                      </div>
                    </span>
                  </li>
                </ul>
              </div>
            </div>
            <div
              class="PodBrowser-root PodBrowser-item"
            >
              <div
                class="PodBrowser-root PodBrowser-container"
              >
                <h3
                  class="PodBrowser-access-details--section-header"
                >
                  Access Duration
                </h3>
                <hr
                  class="PodBrowser-access-details--separator"
                />
                <span>
                  <span>
                     
                    https://example.com/profile/card#me
                     
                  </span>
                  has access until 
                  <strong>
                    October 11, 2022
                  </strong>
                  .
                </span>
              </div>
            </div>
          </div>
          <div
            class="PodBrowser-root PodBrowser-access-details--action-container PodBrowser-container"
          >
            <div
              class="PodBrowser-root PodBrowser-item PodBrowser-grid-xs-12 PodBrowser-grid-sm-6"
            >
              <button
                class="PodBrowser-button PodBrowser-access-details--revoke-text"
                data-testid="consent-details-revoke"
              >
                <span
                  class="PodBrowser-button__text"
                >
                  Revoke access to testIri
                </span>
              </button>
            </div>
            <div
              class="PodBrowser-root PodBrowser-item PodBrowser-grid-xs-12 PodBrowser-grid-sm-2"
            >
              <button
                class="PodBrowser-button"
                data-testid="consent-details-done"
                type="submit"
              >
                <span
                  class="PodBrowser-button__text"
                >
                  Done
                </span>
              </button>
            </div>
          </div>
        </div>
      </div>
    </div>
  </div>
</body>
`;
