// Jest Snapshot v1, https://goo.gl/fbAQLP

exports[`AgentAccessList renders a list of permissions 1`] = `
<DocumentFragment>
  <ul
    class="PodBrowser-root PodBrowser-padding"
  >
    <li
      class="PodBrowser-root PodBrowser-listItem PodBrowser-gutters"
    >
      <div
        class="PodBrowser-root PodBrowser-circular PodBrowser-avatar PodBrowser-colorDefault"
      >
        <svg
          aria-hidden="true"
          class="PodBrowser-root PodBrowser-fallback"
          focusable="false"
          viewBox="0 0 24 24"
        >
          <path
            d="M12 12c2.21 0 4-1.79 4-4s-1.79-4-4-4-4 1.79-4 4 1.79 4 4 4zm0 2c-2.67 0-8 1.34-8 4v2h16v-2c0-2.66-5.33-4-8-4z"
          />
        </svg>
      </div>
      <p
        class="PodBrowser-root PodBrowser-detailText PodBrowser-body1"
        data-testid="agent-web-id"
      >
        webId
      </p>
      <form
        class="PodBrowser-form"
      >
        <div
          class="PodBrowser-container"
        >
          <button
            class="PodBrowser-root PodBrowser-root PodBrowser-text PodBrowser-summary"
            data-testid="permissions-dropdown-button"
            tabindex="0"
            type="button"
          >
            <span
              class="PodBrowser-label"
            >
              <span>
                Control
              </span>
              <span
                class="PodBrowser-endIcon PodBrowser-iconSizeMedium"
              >
                <svg
                  aria-hidden="true"
                  class="PodBrowser-root"
                  focusable="false"
                  viewBox="0 0 24 24"
                >
                  <path
                    d="M7.41 8.59L12 13.17l4.59-4.58L18 10l-6 6-6-6 1.41-1.41z"
                  />
                </svg>
              </span>
            </span>
            <span
              class="PodBrowser-root"
            />
          </button>
          <section
            class="PodBrowser-selectionClosed"
          >
            <ul
              class="PodBrowser-root PodBrowser-padding"
            >
              <li
                class="PodBrowser-root PodBrowser-listItem PodBrowser-gutters"
              >
                <label
                  class="PodBrowser-root"
                  data-testid="permission-label-view"
                >
                  <span
                    aria-disabled="false"
                    class="PodBrowser-root PodBrowser-root PodBrowser-root PodBrowser-root PodBrowser-checkbox PodBrowser-colorSecondary PodBrowser-checked PodBrowser-checked PodBrowser-colorSecondary"
                  >
                    <span
                      class="PodBrowser-label"
                    >
                      <input
                        checked=""
                        class="PodBrowser-input"
                        data-indeterminate="false"
                        data-testid="permission-checkbox-view"
                        name="view"
                        type="checkbox"
                        value=""
                      />
                      <svg
                        aria-hidden="true"
                        class="PodBrowser-root"
                        focusable="false"
                        viewBox="0 0 24 24"
                      >
                        <path
                          d="M19 3H5c-1.11 0-2 .9-2 2v14c0 1.1.89 2 2 2h14c1.11 0 2-.9 2-2V5c0-1.1-.89-2-2-2zm-9 14l-5-5 1.41-1.41L10 14.17l7.59-7.59L19 8l-9 9z"
                        />
                      </svg>
                    </span>
                    <span
                      class="PodBrowser-root"
                    />
                  </span>
                  <span
                    class="PodBrowser-root PodBrowser-label PodBrowser-label PodBrowser-body1"
                  >
                    View
                  </span>
                </label>
              </li>
              <li
                class="PodBrowser-root PodBrowser-listItem PodBrowser-gutters"
              >
                <label
                  class="PodBrowser-root"
                  data-testid="permission-label-edit"
                >
                  <span
                    aria-disabled="false"
                    class="PodBrowser-root PodBrowser-root PodBrowser-root PodBrowser-root PodBrowser-checkbox PodBrowser-colorSecondary PodBrowser-checked PodBrowser-checked PodBrowser-colorSecondary"
                  >
                    <span
                      class="PodBrowser-label"
                    >
                      <input
                        checked=""
                        class="PodBrowser-input"
                        data-indeterminate="false"
                        data-testid="permission-checkbox-edit"
                        name="edit"
                        type="checkbox"
                        value=""
                      />
                      <svg
                        aria-hidden="true"
                        class="PodBrowser-root"
                        focusable="false"
                        viewBox="0 0 24 24"
                      >
                        <path
                          d="M19 3H5c-1.11 0-2 .9-2 2v14c0 1.1.89 2 2 2h14c1.11 0 2-.9 2-2V5c0-1.1-.89-2-2-2zm-9 14l-5-5 1.41-1.41L10 14.17l7.59-7.59L19 8l-9 9z"
                        />
                      </svg>
                    </span>
                    <span
                      class="PodBrowser-root"
                    />
                  </span>
                  <span
                    class="PodBrowser-root PodBrowser-label PodBrowser-label PodBrowser-body1"
                  >
                    Edit
                  </span>
                </label>
              </li>
              <li
                class="PodBrowser-root PodBrowser-listItem PodBrowser-gutters"
              >
                <label
                  class="PodBrowser-root"
                  data-testid="permission-label-append"
                >
                  <span
                    aria-disabled="false"
                    class="PodBrowser-root PodBrowser-root PodBrowser-root PodBrowser-root PodBrowser-checkbox PodBrowser-colorSecondary PodBrowser-checked PodBrowser-checked PodBrowser-colorSecondary"
                  >
                    <span
                      class="PodBrowser-label"
                    >
                      <input
                        checked=""
                        class="PodBrowser-input"
                        data-indeterminate="false"
                        data-testid="permission-checkbox-append"
                        name="append"
                        type="checkbox"
                        value=""
                      />
                      <svg
                        aria-hidden="true"
                        class="PodBrowser-root"
                        focusable="false"
                        viewBox="0 0 24 24"
                      >
                        <path
                          d="M19 3H5c-1.11 0-2 .9-2 2v14c0 1.1.89 2 2 2h14c1.11 0 2-.9 2-2V5c0-1.1-.89-2-2-2zm-9 14l-5-5 1.41-1.41L10 14.17l7.59-7.59L19 8l-9 9z"
                        />
                      </svg>
                    </span>
                    <span
                      class="PodBrowser-root"
                    />
                  </span>
                  <span
                    class="PodBrowser-root PodBrowser-label PodBrowser-label PodBrowser-body1"
                  >
                    Append
                  </span>
                </label>
              </li>
              <li
                class="PodBrowser-root PodBrowser-listItem PodBrowser-gutters"
              >
                <label
                  class="PodBrowser-root"
                  data-testid="permission-label-control"
                >
                  <span
                    aria-disabled="false"
                    class="PodBrowser-root PodBrowser-root PodBrowser-root PodBrowser-root PodBrowser-checkbox PodBrowser-colorSecondary PodBrowser-checked PodBrowser-checked PodBrowser-colorSecondary"
                  >
                    <span
                      class="PodBrowser-label"
                    >
                      <input
                        checked=""
                        class="PodBrowser-input"
                        data-indeterminate="false"
                        data-testid="permission-checkbox-control"
                        name="control"
                        type="checkbox"
                        value=""
                      />
                      <svg
                        aria-hidden="true"
                        class="PodBrowser-root"
                        focusable="false"
                        viewBox="0 0 24 24"
                      >
                        <path
                          d="M19 3H5c-1.11 0-2 .9-2 2v14c0 1.1.89 2 2 2h14c1.11 0 2-.9 2-2V5c0-1.1-.89-2-2-2zm-9 14l-5-5 1.41-1.41L10 14.17l7.59-7.59L19 8l-9 9z"
                        />
                      </svg>
                    </span>
                    <span
                      class="PodBrowser-root"
                    />
                  </span>
                  <span
                    class="PodBrowser-root PodBrowser-label PodBrowser-label PodBrowser-body1"
                  >
                    Control
                  </span>
                </label>
              </li>
            </ul>
            <button
              class="PodBrowser-button PodBrowser-button--secondary"
              data-testid="permissions-form-submit-button"
              type="submit"
            >
              <span
                class="PodBrowser-button__text"
              >
                Save
              </span>
            </button>
          </section>
        </div>
      </form>
    </li>
  </ul>
</DocumentFragment>
`;

exports[`AgentAccessList renders an empty list of permissions 1`] = `
<DocumentFragment>
  <div>
    No access granted to individuals yet
  </div>
</DocumentFragment>
`;

exports[`AgentAccessList renders loading while loading permissions for access control 1`] = `
<DocumentFragment>
  <div
    class="PodBrowser-loading-indicator-container PodBrowser-loading-indicator-container--center"
  >
    <svg
      class="PodBrowser-loading-indicator"
      data-testid="spinner"
      viewBox="22 22 44 44"
    >
      <circle
        cx="44"
        cy="44"
        fill="none"
        r="20.2"
        stroke-width="3.6"
      />
    </svg>
  </div>
</DocumentFragment>
`;
