// Jest Snapshot v1, https://goo.gl/fbAQLP

exports[`Consent Page Renders the Consent page 1`] = `
<DocumentFragment>
  <div
    class="PodBrowser-container PodBrowser-request-container"
  >
    <form
      class="PodBrowser-request-container__content"
    >
      <h2
        class="PodBrowser-root PodBrowser-h1 PodBrowser-alignCenter"
      >
        <span
          class="PodBrowser-agent-name"
        >
          Allow Mock App access?
        </span>
      </h2>
      <span
        class="PodBrowser-purpose"
      >
        Some Specific Purpose 
        <div
          class="PodBrowser-infoTooltipContainer"
        >
          <button
            class="PodBrowser-root PodBrowser-root PodBrowser-infoButton PodBrowser-text"
            tabindex="0"
            title="https://example.com/SomeSpecificPurpose"
            type="button"
          >
            <span
              class="PodBrowser-label"
            >
              <i
                aria-label="Info"
                class="PodBrowser-icon-info PodBrowser-infoIcon"
              />
            </span>
            <span
              class="PodBrowser-root"
            />
          </button>
        </div>
      </span>
      <fieldset
        class="PodBrowser-root PodBrowser-request-container__section"
      >
        <legend
          class="PodBrowser-request-container__header-text PodBrowser-request-container__header-text--small"
        >
          <span
            class="PodBrowser-icon-edit PodBrowser-icon-small"
          />
          <span
            class="PodBrowser-header__content"
          >
            Mock App wants to create, edit, or delete
          </span>
          <button
            class="PodBrowser-button PodBrowser-button--secondary PodBrowser-request-container__button--small"
            data-testid="request-select-all"
            type="button"
          >
            <span
              class="PodBrowser-button__text"
            >
              <span
                class="PodBrowser-root PodBrowser-caption"
              >
                Select all
              </span>
            </span>
          </button>
        </legend>
        <div
          aria-label="position"
          class="PodBrowser-root PodBrowser-request-container__section PodBrowser-request-container__section--box PodBrowser-row"
        >
          <label
            class="PodBrowser-root PodBrowser-box__content PodBrowser-labelPlacementStart"
          >
            <span
              class="PodBrowser-root"
            >
              <span
                aria-disabled="false"
                class="PodBrowser-root PodBrowser-root PodBrowser-root PodBrowser-switchBase PodBrowser-colorPrimary"
              >
                <span
                  class="PodBrowser-label"
                >
                  <input
                    class="PodBrowser-input PodBrowser-input"
                    type="checkbox"
                    value="https://pod.inrupt.com/alice/private/data/"
                  />
                  <span
                    class="PodBrowser-thumb"
                  />
                </span>
                <span
                  class="PodBrowser-root"
                />
              </span>
              <span
                class="PodBrowser-track"
              />
            </span>
            <span
              class="PodBrowser-root PodBrowser-label PodBrowser-body1"
            >
              <p
                class="PodBrowser-root PodBrowser-body2"
              >
                <span
                  class="PodBrowser-icon-folder PodBrowser-icon-small PodBrowser-icon-small--dark"
                />
                <span
                  class=""
                  title="https://pod.inrupt.com/alice/private/data/"
                >
                  data
                </span>
                <button
                  class="PodBrowser-dropdown-caret"
                  data-testid="expand-section"
                  type="button"
                >
                  <span
                    class="PodBrowser-icon-caret-down PodBrowser-icon-small--padded"
                  />
                </button>
              </p>
            </span>
          </label>
          <label
            class="PodBrowser-root PodBrowser-box__content PodBrowser-labelPlacementStart"
          >
            <span
              class="PodBrowser-root"
            >
              <span
                aria-disabled="false"
                class="PodBrowser-root PodBrowser-root PodBrowser-root PodBrowser-switchBase PodBrowser-colorPrimary"
              >
                <span
                  class="PodBrowser-label"
                >
                  <input
                    class="PodBrowser-input PodBrowser-input"
                    type="checkbox"
                    value="https://pod.inrupt.com/alice/private/data-2"
                  />
                  <span
                    class="PodBrowser-thumb"
                  />
                </span>
                <span
                  class="PodBrowser-root"
                />
              </span>
              <span
                class="PodBrowser-track"
              />
            </span>
            <span
              class="PodBrowser-root PodBrowser-label PodBrowser-body1"
            >
              <p
                class="PodBrowser-root PodBrowser-body2"
              >
                <span
                  class="PodBrowser-icon-file PodBrowser-icon-small PodBrowser-icon-small--dark"
                />
                <span
                  class=""
                  title="https://pod.inrupt.com/alice/private/data-2"
                >
                  data-2
                </span>
              </p>
            </span>
          </label>
          <label
            class="PodBrowser-root PodBrowser-box__content PodBrowser-labelPlacementStart"
          >
            <span
              class="PodBrowser-root"
            >
              <span
                aria-disabled="false"
                class="PodBrowser-root PodBrowser-root PodBrowser-root PodBrowser-switchBase PodBrowser-colorPrimary"
              >
                <span
                  class="PodBrowser-label"
                >
                  <input
                    class="PodBrowser-input PodBrowser-input"
                    type="checkbox"
                    value="https://pod.inrupt.com/alice/private/data-3"
                  />
                  <span
                    class="PodBrowser-thumb"
                  />
                </span>
                <span
                  class="PodBrowser-root"
                />
              </span>
              <span
                class="PodBrowser-track"
              />
            </span>
            <span
              class="PodBrowser-root PodBrowser-label PodBrowser-body1"
            >
              <p
                class="PodBrowser-root PodBrowser-body2"
              >
                <span
                  class="PodBrowser-icon-file PodBrowser-icon-small PodBrowser-icon-small--dark"
                />
                <span
                  class=""
                  title="https://pod.inrupt.com/alice/private/data-3"
                >
                  data-3
                </span>
              </p>
            </span>
          </label>
        </div>
      </fieldset>
      <fieldset
        class="PodBrowser-root PodBrowser-request-container__section"
      >
        <legend
          class="PodBrowser-request-container__header-text PodBrowser-request-container__header-text--small"
        >
          <span
            class="PodBrowser-icon-view PodBrowser-icon-small"
          />
          <span
            class="PodBrowser-header__content"
          >
            Mock App wants to see
          </span>
          <button
            class="PodBrowser-button PodBrowser-button--secondary PodBrowser-request-container__button--small"
            data-testid="request-select-all"
            type="button"
          >
            <span
              class="PodBrowser-button__text"
            >
              <span
                class="PodBrowser-root PodBrowser-caption"
              >
                Select all
              </span>
            </span>
          </button>
        </legend>
        <div
          aria-label="position"
          class="PodBrowser-root PodBrowser-request-container__section PodBrowser-request-container__section--box PodBrowser-row"
        >
          <label
            class="PodBrowser-root PodBrowser-box__content PodBrowser-labelPlacementStart"
          >
            <span
              class="PodBrowser-root"
            >
              <span
                aria-disabled="false"
                class="PodBrowser-root PodBrowser-root PodBrowser-root PodBrowser-switchBase PodBrowser-colorPrimary"
              >
                <span
                  class="PodBrowser-label"
                >
                  <input
                    class="PodBrowser-input PodBrowser-input"
                    type="checkbox"
                    value="https://pod.inrupt.com/alice/private/data"
                  />
                  <span
                    class="PodBrowser-thumb"
                  />
                </span>
                <span
                  class="PodBrowser-root"
                />
              </span>
              <span
                class="PodBrowser-track"
              />
            </span>
            <span
              class="PodBrowser-root PodBrowser-label PodBrowser-body1"
            >
              <p
                class="PodBrowser-root PodBrowser-body2"
              >
                <span
                  class="PodBrowser-icon-file PodBrowser-icon-small PodBrowser-icon-small--dark"
                />
                <span
                  class=""
                  title="https://pod.inrupt.com/alice/private/data"
                >
                  data
                </span>
              </p>
            </span>
          </label>
          <label
            class="PodBrowser-root PodBrowser-box__content PodBrowser-labelPlacementStart"
          >
            <span
              class="PodBrowser-root"
            >
              <span
                aria-disabled="false"
                class="PodBrowser-root PodBrowser-root PodBrowser-root PodBrowser-switchBase PodBrowser-colorPrimary"
              >
                <span
                  class="PodBrowser-label"
                >
                  <input
                    class="PodBrowser-input PodBrowser-input"
                    type="checkbox"
                    value="https://pod.inrupt.com/alice/private/data-2/"
                  />
                  <span
                    class="PodBrowser-thumb"
                  />
                </span>
                <span
                  class="PodBrowser-root"
                />
              </span>
              <span
                class="PodBrowser-track"
              />
            </span>
            <span
              class="PodBrowser-root PodBrowser-label PodBrowser-body1"
            >
              <p
                class="PodBrowser-root PodBrowser-body2"
              >
                <span
                  class="PodBrowser-icon-folder PodBrowser-icon-small PodBrowser-icon-small--dark"
                />
                <span
                  class=""
                  title="https://pod.inrupt.com/alice/private/data-2/"
                >
                  data-2
                </span>
                <button
                  class="PodBrowser-dropdown-caret"
                  data-testid="expand-section"
                  type="button"
                >
                  <span
                    class="PodBrowser-icon-caret-down PodBrowser-icon-small--padded"
                  />
                </button>
              </p>
            </span>
          </label>
          <label
            class="PodBrowser-root PodBrowser-box__content PodBrowser-labelPlacementStart"
          >
            <span
              class="PodBrowser-root"
            >
              <span
                aria-disabled="false"
                class="PodBrowser-root PodBrowser-root PodBrowser-root PodBrowser-switchBase PodBrowser-colorPrimary"
              >
                <span
                  class="PodBrowser-label"
                >
                  <input
                    class="PodBrowser-input PodBrowser-input"
                    type="checkbox"
                    value="https://pod.inrupt.com/alice/private/data-3"
                  />
                  <span
                    class="PodBrowser-thumb"
                  />
                </span>
                <span
                  class="PodBrowser-root"
                />
              </span>
              <span
                class="PodBrowser-track"
              />
            </span>
            <span
              class="PodBrowser-root PodBrowser-label PodBrowser-body1"
            >
              <p
                class="PodBrowser-root PodBrowser-body2"
              >
                <span
                  class="PodBrowser-icon-file PodBrowser-icon-small PodBrowser-icon-small--dark"
                />
                <span
                  class=""
                  title="https://pod.inrupt.com/alice/private/data-3"
                >
                  data-3
                </span>
              </p>
            </span>
          </label>
        </div>
      </fieldset>
      <fieldset
        class="PodBrowser-root PodBrowser-request-container__section"
      >
        <legend
          class="PodBrowser-request-container__header-text PodBrowser-request-container__header-text--small"
        >
          <span
            class="PodBrowser-icon-folder PodBrowser-icon-small"
          />
          <span
            class="PodBrowser-header__content"
          >
            Mock App wants to add to
          </span>
          <button
            class="PodBrowser-button PodBrowser-button--secondary PodBrowser-request-container__button--small"
            data-testid="request-select-all"
            type="button"
          >
            <span
              class="PodBrowser-button__text"
            >
              <span
                class="PodBrowser-root PodBrowser-caption"
              >
                Select all
              </span>
            </span>
          </button>
        </legend>
        <div
          aria-label="position"
          class="PodBrowser-root PodBrowser-request-container__section PodBrowser-request-container__section--box PodBrowser-row"
        >
          <label
            class="PodBrowser-root PodBrowser-box__content PodBrowser-labelPlacementStart"
          >
            <span
              class="PodBrowser-root"
            >
              <span
                aria-disabled="false"
                class="PodBrowser-root PodBrowser-root PodBrowser-root PodBrowser-switchBase PodBrowser-colorPrimary"
              >
                <span
                  class="PodBrowser-label"
                >
                  <input
                    class="PodBrowser-input PodBrowser-input"
                    type="checkbox"
                    value="https://pod.inrupt.com/alice/private/data"
                  />
                  <span
                    class="PodBrowser-thumb"
                  />
                </span>
                <span
                  class="PodBrowser-root"
                />
              </span>
              <span
                class="PodBrowser-track"
              />
            </span>
            <span
              class="PodBrowser-root PodBrowser-label PodBrowser-body1"
            >
              <p
                class="PodBrowser-root PodBrowser-body2"
              >
                <span
                  class="PodBrowser-icon-file PodBrowser-icon-small PodBrowser-icon-small--dark"
                />
                <span
                  class=""
                  title="https://pod.inrupt.com/alice/private/data"
                >
                  data
                </span>
              </p>
            </span>
          </label>
        </div>
      </fieldset>
      <fieldset
        class="PodBrowser-root PodBrowser-request-container__section"
      >
        <legend
          class="PodBrowser-request-container__header-text PodBrowser-request-container__header-text--small"
        >
          <span
            class="PodBrowser-icon-user PodBrowser-icon-small"
          />
          <span
            class="PodBrowser-header__content"
          >
            Mock App wants to add or remove people from
          </span>
          <button
            class="PodBrowser-button PodBrowser-button--secondary PodBrowser-request-container__button--small"
            data-testid="request-select-all"
            type="button"
          >
            <span
              class="PodBrowser-button__text"
            >
              <span
                class="PodBrowser-root PodBrowser-caption"
              >
                Select all
              </span>
            </span>
          </button>
        </legend>
        <div
          aria-label="position"
          class="PodBrowser-root PodBrowser-request-container__section PodBrowser-request-container__section--box PodBrowser-row"
        >
          <label
            class="PodBrowser-root PodBrowser-box__content PodBrowser-labelPlacementStart"
          >
            <span
              class="PodBrowser-root"
            >
              <span
                aria-disabled="false"
                class="PodBrowser-root PodBrowser-root PodBrowser-root PodBrowser-switchBase PodBrowser-colorPrimary"
              >
                <span
                  class="PodBrowser-label"
                >
                  <input
                    class="PodBrowser-input PodBrowser-input"
                    type="checkbox"
                    value="https://pod.inrupt.com/alice/private/data"
                  />
                  <span
                    class="PodBrowser-thumb"
                  />
                </span>
                <span
                  class="PodBrowser-root"
                />
              </span>
              <span
                class="PodBrowser-track"
              />
            </span>
            <span
              class="PodBrowser-root PodBrowser-label PodBrowser-body1"
            >
              <p
                class="PodBrowser-root PodBrowser-body2"
              >
                <span
                  class="PodBrowser-icon-file PodBrowser-icon-small PodBrowser-icon-small--dark"
                />
                <span
                  class=""
                  title="https://pod.inrupt.com/alice/private/data"
                >
                  data
                </span>
              </p>
            </span>
          </label>
        </div>
      </fieldset>
      <div
        class="PodBrowser-form__controls"
      >
        <button
          class="PodBrowser-button PodBrowser-button--secondary"
          data-testid="consent-request-deny-button"
        >
          <span
            class="PodBrowser-button__text"
          >
            Deny all access
          </span>
        </button>
        <button
          class="PodBrowser-button"
          data-testid="consent-request-submit-button"
          type="submit"
        >
          <span
            class="PodBrowser-button__text"
          >
            Confirm Access
          </span>
        </button>
      </div>
    </form>
    <div
      class="PodBrowser-request-container__content"
    >
      <h3
        class="PodBrowser-root PodBrowser-heading__uppercase PodBrowser-h3 PodBrowser-alignCenter"
      >
        About this application
      </h3>
      <div
        class="PodBrowser-app-name"
      >
        <span
          class="PodBrowser-icon-project-diagram PodBrowser-avatar"
        />
        <p
          class="PodBrowser-root PodBrowser-body2 PodBrowser-alignCenter"
        >
          <span
            class="PodBrowser-footer__link"
          >
            <a
              class="PodBrowser-root PodBrowser-root PodBrowser-underlineHover PodBrowser-body2 PodBrowser-colorPrimary"
              href="https://mockappurl.com"
            >
              Mock App
            </a>
          </span>
        </p>
      </div>
      <p
        class="PodBrowser-root PodBrowser-footer__links PodBrowser-body1"
      >
        <span
          class="PodBrowser-footer__link"
        >
          <a
            class="PodBrowser-root PodBrowser-root PodBrowser-underlineHover PodBrowser-body2 PodBrowser-colorPrimary"
            href="https://examplewebsite.com"
          >
            <span
              class="PodBrowser-icon-globe PodBrowser-icon-small PodBrowser-icon-small--primary"
            />
            Website
          </a>
        </span>
        <span
          class="PodBrowser-footer__link"
        >
          <a
            class="PodBrowser-root PodBrowser-root PodBrowser-underlineHover PodBrowser-body2 PodBrowser-colorPrimary"
            href="https://mockappurl.com/privacy-policy"
          >
            <span
              class="PodBrowser-icon-webid PodBrowser-icon-small PodBrowser-icon-small--primary"
            />
            Privacy Policy
          </a>
        </span>
        <span
          class="PodBrowser-footer__link"
        >
          <a
            class="PodBrowser-root PodBrowser-root PodBrowser-underlineHover PodBrowser-body2 PodBrowser-colorPrimary"
            href="https://mockappurl.com/terms-of-service"
          >
            <span
              class="PodBrowser-icon-doc PodBrowser-icon-small PodBrowser-icon-small--primary"
            />
            Terms of Service
          </a>
        </span>
      </p>
    </div>
  </div>
</DocumentFragment>
`;
