// Jest Snapshot v1, https://goo.gl/fbAQLP

exports[`Tabs renders tabs 1`] = `
<DocumentFragment>
  <div
    class="PodBrowser-tabsContainer"
  >
    <div
      class="PodBrowser-root"
    >
      <div
        class="PodBrowser-scroller PodBrowser-fixed"
        style="overflow: hidden;"
      >
        <div
          aria-label="Filter tabs"
          class="PodBrowser-flexContainer"
          role="tablist"
        >
          <button
            aria-selected="false"
            class="PodBrowser-root PodBrowser-root PodBrowser-tab PodBrowser-textColorInherit"
            data-testid="tab-all"
            role="tab"
            tabindex="-1"
            type="button"
          >
            <span
              class="PodBrowser-wrapper"
            >
              All
            </span>
            <span
              class="PodBrowser-root"
            />
          </button>
          <button
            aria-selected="false"
            class="PodBrowser-root PodBrowser-root PodBrowser-tab PodBrowser-textColorInherit"
            data-testid="tab-people"
            role="tab"
            tabindex="-1"
            type="button"
          >
            <span
              class="PodBrowser-wrapper"
            >
              People
            </span>
            <span
              class="PodBrowser-root"
            />
          </button>
          <button
            aria-selected="false"
            class="PodBrowser-root PodBrowser-root PodBrowser-tab PodBrowser-textColorInherit"
            data-testid="tab-apps"
            role="tab"
            tabindex="-1"
            type="button"
          >
            <span
              class="PodBrowser-wrapper"
            >
              Apps
            </span>
            <span
              class="PodBrowser-root"
            />
          </button>
        </div>
        <span
          class="PodBrowser-root PodBrowser-colorSecondary PodBrowser-indicator PodBrowser-indicator"
          style="left: 0px; width: 0px;"
        />
      </div>
    </div>
  </div>
</DocumentFragment>
`;
