// Jest Snapshot v1, https://goo.gl/fbAQLP

exports[`GroupList renders a list of groups 1`] = `
<DocumentFragment>
  <div
    data-testid="group-list"
  >
    <div
      class="PodBrowser-group-list-header"
    >
      <div
        class="PodBrowser-group-list-header__title"
      >
        Groups
      </div>
    </div>
    <ul
      class="PodBrowser-group-list"
    >
      <li
        class="PodBrowser-group-list__item"
        data-testid="group-list-item"
      >
        <a
          class="PodBrowser-group-list__link PodBrowser-group-list__link--selected"
          data-testid="group-list-link"
          href="/groups/http%3A%2F%2Fexample.com%2Fgroup1.ttl%23this"
        >
          <span
            class="PodBrowser-icon-users PodBrowser-group-list__icon PodBrowser-group-list__icon--selected"
          />
          <span
            class="PodBrowser-group-list__text"
          >
            Group 1
          </span>
        </a>
      </li>
      <li
        class="PodBrowser-group-list__item"
        data-testid="group-list-item"
      >
        <a
          class="PodBrowser-group-list__link"
          data-testid="group-list-link"
          href="/groups/http%3A%2F%2Fexample.com%2Fgroup2.ttl%23this"
        >
          <span
            class="PodBrowser-icon-users PodBrowser-group-list__icon"
          />
          <span
            class="PodBrowser-group-list__text"
          >
            Group 2
          </span>
        </a>
      </li>
    </ul>
  </div>
</DocumentFragment>
`;
